><!-- Property binding test -->
#^^^^^^^^^^^^^^^^^^^^^^^^^^^^^^^ template.ng
><div [ ngStyle ]="{'max-width.px': i * 2 + 5}"></div>
#^^^^^ template.ng
#     ^ template.ng meta.ng-binding.property.html entity.other.attribute-name.html entity.other.ng-binding-name.property.html punctuation.definition.ng-binding-name.begin.html
#      ^ template.ng meta.ng-binding.property.html entity.other.attribute-name.html entity.other.ng-binding-name.property.html
#       ^^^^^^^ template.ng meta.ng-binding.property.html entity.other.attribute-name.html entity.other.ng-binding-name.property.html entity.other.ng-binding-name.ngStyle.html
#              ^ template.ng meta.ng-binding.property.html entity.other.attribute-name.html entity.other.ng-binding-name.property.html
#               ^ template.ng meta.ng-binding.property.html entity.other.attribute-name.html entity.other.ng-binding-name.property.html punctuation.definition.ng-binding-name.end.html
#                ^ template.ng meta.ng-binding.property.html punctuation.separator.key-value.html
#                 ^ template.ng meta.ng-binding.property.html string.quoted.html punctuation.definition.string.begin.html
#                  ^ template.ng meta.ng-binding.property.html expression.ng
#                   ^ template.ng meta.ng-binding.property.html expression.ng string.quoted.single.ts punctuation.definition.string.begin.ts
#                    ^^^^^^^^^^^^ template.ng meta.ng-binding.property.html expression.ng string.quoted.single.ts
#                                ^ template.ng meta.ng-binding.property.html expression.ng string.quoted.single.ts punctuation.definition.string.end.ts
#                                 ^^ template.ng meta.ng-binding.property.html expression.ng
#                                   ^ template.ng meta.ng-binding.property.html expression.ng variable.other.readwrite.ts
#                                    ^ template.ng meta.ng-binding.property.html expression.ng
#                                     ^ template.ng meta.ng-binding.property.html expression.ng keyword.operator.arithmetic.ts
#                                      ^ template.ng meta.ng-binding.property.html expression.ng
#                                       ^ template.ng meta.ng-binding.property.html expression.ng constant.numeric.decimal.ts
#                                        ^ template.ng meta.ng-binding.property.html expression.ng
#                                         ^ template.ng meta.ng-binding.property.html expression.ng keyword.operator.arithmetic.ts
#                                          ^ template.ng meta.ng-binding.property.html expression.ng
#                                           ^ template.ng meta.ng-binding.property.html expression.ng constant.numeric.decimal.ts
#                                            ^ template.ng meta.ng-binding.property.html expression.ng
#                                             ^ template.ng meta.ng-binding.property.html string.quoted.html punctuation.definition.string.end.html
#                                              ^^^^^^^^ template.ng
><div [ngClass]="[
#^^^^^ template.ng
#     ^ template.ng meta.ng-binding.property.html entity.other.attribute-name.html entity.other.ng-binding-name.property.html punctuation.definition.ng-binding-name.begin.html
#      ^^^^^^^ template.ng meta.ng-binding.property.html entity.other.attribute-name.html entity.other.ng-binding-name.property.html entity.other.ng-binding-name.ngClass.html
#             ^ template.ng meta.ng-binding.property.html entity.other.attribute-name.html entity.other.ng-binding-name.property.html punctuation.definition.ng-binding-name.end.html
#              ^ template.ng meta.ng-binding.property.html punctuation.separator.key-value.html
#               ^ template.ng meta.ng-binding.property.html string.quoted.html punctuation.definition.string.begin.html
#                ^ template.ng meta.ng-binding.property.html expression.ng meta.array.literal.ts meta.brace.square.ts
>    'class-one',
#^^^^ template.ng meta.ng-binding.property.html expression.ng meta.array.literal.ts
#    ^ template.ng meta.ng-binding.property.html expression.ng meta.array.literal.ts string.quoted.single.ts punctuation.definition.string.begin.ts
#     ^^^^^^^^^ template.ng meta.ng-binding.property.html expression.ng meta.array.literal.ts string.quoted.single.ts
#              ^ template.ng meta.ng-binding.property.html expression.ng meta.array.literal.ts string.quoted.single.ts punctuation.definition.string.end.ts
#               ^ template.ng meta.ng-binding.property.html expression.ng meta.array.literal.ts punctuation.separator.comma.ts
>    'class-two',
#^^^^ template.ng meta.ng-binding.property.html expression.ng meta.array.literal.ts
#    ^ template.ng meta.ng-binding.property.html expression.ng meta.array.literal.ts string.quoted.single.ts punctuation.definition.string.begin.ts
#     ^^^^^^^^^ template.ng meta.ng-binding.property.html expression.ng meta.array.literal.ts string.quoted.single.ts
#              ^ template.ng meta.ng-binding.property.html expression.ng meta.array.literal.ts string.quoted.single.ts punctuation.definition.string.end.ts
#               ^ template.ng meta.ng-binding.property.html expression.ng meta.array.literal.ts punctuation.separator.comma.ts
>    'class-three'
#^^^^ template.ng meta.ng-binding.property.html expression.ng meta.array.literal.ts
#    ^ template.ng meta.ng-binding.property.html expression.ng meta.array.literal.ts string.quoted.single.ts punctuation.definition.string.begin.ts
#     ^^^^^^^^^^^ template.ng meta.ng-binding.property.html expression.ng meta.array.literal.ts string.quoted.single.ts
#                ^ template.ng meta.ng-binding.property.html expression.ng meta.array.literal.ts string.quoted.single.ts punctuation.definition.string.end.ts
>]"></div>
#^ template.ng meta.ng-binding.property.html expression.ng meta.array.literal.ts meta.brace.square.ts
# ^ template.ng meta.ng-binding.property.html string.quoted.html punctuation.definition.string.end.html
#  ^^^^^^^^ template.ng
><div [style.right.%]="val"></div>
#^^^^^ template.ng
#     ^ template.ng meta.ng-binding.property.html entity.other.attribute-name.html entity.other.ng-binding-name.property.html punctuation.definition.ng-binding-name.begin.html
#      ^^^^^ template.ng meta.ng-binding.property.html entity.other.attribute-name.html entity.other.ng-binding-name.property.html entity.other.ng-binding-name.style.right.%.html
#           ^ template.ng meta.ng-binding.property.html entity.other.attribute-name.html entity.other.ng-binding-name.property.html entity.other.ng-binding-name.style.right.%.html punctuation.accessor.html
#            ^^^^^ template.ng meta.ng-binding.property.html entity.other.attribute-name.html entity.other.ng-binding-name.property.html entity.other.ng-binding-name.style.right.%.html
#                 ^ template.ng meta.ng-binding.property.html entity.other.attribute-name.html entity.other.ng-binding-name.property.html entity.other.ng-binding-name.style.right.%.html punctuation.accessor.html
#                  ^ template.ng meta.ng-binding.property.html entity.other.attribute-name.html entity.other.ng-binding-name.property.html entity.other.ng-binding-name.style.right.%.html
#                   ^ template.ng meta.ng-binding.property.html entity.other.attribute-name.html entity.other.ng-binding-name.property.html punctuation.definition.ng-binding-name.end.html
#                    ^ template.ng meta.ng-binding.property.html punctuation.separator.key-value.html
#                     ^ template.ng meta.ng-binding.property.html string.quoted.html punctuation.definition.string.begin.html
#                      ^^^ template.ng meta.ng-binding.property.html expression.ng variable.other.readwrite.ts
#                         ^ template.ng meta.ng-binding.property.html string.quoted.html punctuation.definition.string.end.html
#                          ^^^^^^^^ template.ng
><div [@animation.trigger]="val"></div>
#^^^^^ template.ng
#     ^ template.ng meta.ng-binding.property.html entity.other.attribute-name.html entity.other.ng-binding-name.property.html punctuation.definition.ng-binding-name.begin.html
#      ^^^^^^^^^^ template.ng meta.ng-binding.property.html entity.other.attribute-name.html entity.other.ng-binding-name.property.html entity.other.ng-binding-name.@animation.trigger.html
#                ^ template.ng meta.ng-binding.property.html entity.other.attribute-name.html entity.other.ng-binding-name.property.html entity.other.ng-binding-name.@animation.trigger.html punctuation.accessor.html
#                 ^^^^^^^ template.ng meta.ng-binding.property.html entity.other.attribute-name.html entity.other.ng-binding-name.property.html entity.other.ng-binding-name.@animation.trigger.html
#                        ^ template.ng meta.ng-binding.property.html entity.other.attribute-name.html entity.other.ng-binding-name.property.html punctuation.definition.ng-binding-name.end.html
#                         ^ template.ng meta.ng-binding.property.html punctuation.separator.key-value.html
#                          ^ template.ng meta.ng-binding.property.html string.quoted.html punctuation.definition.string.begin.html
#                           ^^^ template.ng meta.ng-binding.property.html expression.ng variable.other.readwrite.ts
#                              ^ template.ng meta.ng-binding.property.html string.quoted.html punctuation.definition.string.end.html
#                               ^^^^^^^^ template.ng
><img [attr.aria-label]="val" />
#^^^^^ template.ng
#     ^ template.ng meta.ng-binding.property.html entity.other.attribute-name.html entity.other.ng-binding-name.property.html punctuation.definition.ng-binding-name.begin.html
#      ^^^^ template.ng meta.ng-binding.property.html entity.other.attribute-name.html entity.other.ng-binding-name.property.html entity.other.ng-binding-name.attr.aria-label.html
#          ^ template.ng meta.ng-binding.property.html entity.other.attribute-name.html entity.other.ng-binding-name.property.html entity.other.ng-binding-name.attr.aria-label.html punctuation.accessor.html
#           ^^^^^^^^^^ template.ng meta.ng-binding.property.html entity.other.attribute-name.html entity.other.ng-binding-name.property.html entity.other.ng-binding-name.attr.aria-label.html
#                     ^ template.ng meta.ng-binding.property.html entity.other.attribute-name.html entity.other.ng-binding-name.property.html punctuation.definition.ng-binding-name.end.html
#                      ^ template.ng meta.ng-binding.property.html punctuation.separator.key-value.html
#                       ^ template.ng meta.ng-binding.property.html string.quoted.html punctuation.definition.string.begin.html
#                        ^^^ template.ng meta.ng-binding.property.html expression.ng variable.other.readwrite.ts
#                           ^ template.ng meta.ng-binding.property.html string.quoted.html punctuation.definition.string.end.html
#                            ^^^^ template.ng
><div [my-property]="val"></div>
#^^^^^ template.ng
#     ^ template.ng meta.ng-binding.property.html entity.other.attribute-name.html entity.other.ng-binding-name.property.html punctuation.definition.ng-binding-name.begin.html
#      ^^^^^^^^^^^ template.ng meta.ng-binding.property.html entity.other.attribute-name.html entity.other.ng-binding-name.property.html entity.other.ng-binding-name.my-property.html
#                 ^ template.ng meta.ng-binding.property.html entity.other.attribute-name.html entity.other.ng-binding-name.property.html punctuation.definition.ng-binding-name.end.html
#                  ^ template.ng meta.ng-binding.property.html punctuation.separator.key-value.html
#                   ^ template.ng meta.ng-binding.property.html string.quoted.html punctuation.definition.string.begin.html
#                    ^^^ template.ng meta.ng-binding.property.html expression.ng variable.other.readwrite.ts
#                       ^ template.ng meta.ng-binding.property.html string.quoted.html punctuation.definition.string.end.html
#                        ^^^^^^^^ template.ng
><div [my_property]="val"></div>
#^^^^^ template.ng
#     ^ template.ng meta.ng-binding.property.html entity.other.attribute-name.html entity.other.ng-binding-name.property.html punctuation.definition.ng-binding-name.begin.html
#      ^^^^^^^^^^^ template.ng meta.ng-binding.property.html entity.other.attribute-name.html entity.other.ng-binding-name.property.html entity.other.ng-binding-name.my_property.html
#                 ^ template.ng meta.ng-binding.property.html entity.other.attribute-name.html entity.other.ng-binding-name.property.html punctuation.definition.ng-binding-name.end.html
#                  ^ template.ng meta.ng-binding.property.html punctuation.separator.key-value.html
#                   ^ template.ng meta.ng-binding.property.html string.quoted.html punctuation.definition.string.begin.html
#                    ^^^ template.ng meta.ng-binding.property.html expression.ng variable.other.readwrite.ts
#                       ^ template.ng meta.ng-binding.property.html string.quoted.html punctuation.definition.string.end.html
#                        ^^^^^^^^ template.ng
><div [myProperty$]="val"></div>
#^^^^^ template.ng
#     ^ template.ng meta.ng-binding.property.html entity.other.attribute-name.html entity.other.ng-binding-name.property.html punctuation.definition.ng-binding-name.begin.html
#      ^^^^^^^^^^^ template.ng meta.ng-binding.property.html entity.other.attribute-name.html entity.other.ng-binding-name.property.html entity.other.ng-binding-name.myProperty$.html
#                 ^ template.ng meta.ng-binding.property.html entity.other.attribute-name.html entity.other.ng-binding-name.property.html punctuation.definition.ng-binding-name.end.html
#                  ^ template.ng meta.ng-binding.property.html punctuation.separator.key-value.html
#                   ^ template.ng meta.ng-binding.property.html string.quoted.html punctuation.definition.string.begin.html
#                    ^^^ template.ng meta.ng-binding.property.html expression.ng variable.other.readwrite.ts
#                       ^ template.ng meta.ng-binding.property.html string.quoted.html punctuation.definition.string.end.html
#                        ^^^^^^^^ template.ng
><div [%invalidProperty]="val"></div>
#^^^^^^^^^^^^^^^^^^^^^^^^^^^^^^^^^^^^^ template.ng
><div [invalidProperty)="val"></div>
#^^^^^^^^^^^^^^^^^^^^^^^^^^^^^^^^^^^^ template.ng
>
><!-- Event binding test -->
#^^^^^^^^^^^^^^^^^^^^^^^^^^^^ template.ng
><button (click)="onClick($event)"></button>
#^^^^^^^^ template.ng
#        ^ template.ng meta.ng-binding.event.html entity.other.attribute-name.html entity.other.ng-binding-name.event.html punctuation.definition.ng-binding-name.begin.html
#         ^^^^^ template.ng meta.ng-binding.event.html entity.other.attribute-name.html entity.other.ng-binding-name.event.html entity.other.ng-binding-name.click.html
#              ^ template.ng meta.ng-binding.event.html entity.other.attribute-name.html entity.other.ng-binding-name.event.html punctuation.definition.ng-binding-name.end.html
#               ^ template.ng meta.ng-binding.event.html punctuation.separator.key-value.html
#                ^ template.ng meta.ng-binding.event.html string.quoted.html punctuation.definition.string.begin.html
#                 ^^^^^^^ template.ng meta.ng-binding.event.html expression.ng entity.name.function.ts
#                        ^ template.ng meta.ng-binding.event.html expression.ng meta.brace.round.ts
#                         ^^^^^^ template.ng meta.ng-binding.event.html expression.ng variable.other.readwrite.ts
#                               ^ template.ng meta.ng-binding.event.html expression.ng meta.brace.round.ts
#                                ^ template.ng meta.ng-binding.event.html string.quoted.html punctuation.definition.string.end.html
#                                 ^^^^^^^^^^^ template.ng
><input (ngModelChange)="onModelChange($event)" />
#^^^^^^^ template.ng
#       ^ template.ng meta.ng-binding.event.html entity.other.attribute-name.html entity.other.ng-binding-name.event.html punctuation.definition.ng-binding-name.begin.html
#        ^^^^^^^^^^^^^ template.ng meta.ng-binding.event.html entity.other.attribute-name.html entity.other.ng-binding-name.event.html entity.other.ng-binding-name.ngModelChange.html
#                     ^ template.ng meta.ng-binding.event.html entity.other.attribute-name.html entity.other.ng-binding-name.event.html punctuation.definition.ng-binding-name.end.html
#                      ^ template.ng meta.ng-binding.event.html punctuation.separator.key-value.html
#                       ^ template.ng meta.ng-binding.event.html string.quoted.html punctuation.definition.string.begin.html
#                        ^^^^^^^^^^^^^ template.ng meta.ng-binding.event.html expression.ng entity.name.function.ts
#                                     ^ template.ng meta.ng-binding.event.html expression.ng meta.brace.round.ts
#                                      ^^^^^^ template.ng meta.ng-binding.event.html expression.ng variable.other.readwrite.ts
#                                            ^ template.ng meta.ng-binding.event.html expression.ng meta.brace.round.ts
#                                             ^ template.ng meta.ng-binding.event.html string.quoted.html punctuation.definition.string.end.html
#                                              ^^^^ template.ng
><div (@animation.done)="onAnimationDone($event)"></div>
#^^^^^ template.ng
#     ^ template.ng meta.ng-binding.event.html entity.other.attribute-name.html entity.other.ng-binding-name.event.html punctuation.definition.ng-binding-name.begin.html
#      ^^^^^^^^^^ template.ng meta.ng-binding.event.html entity.other.attribute-name.html entity.other.ng-binding-name.event.html entity.other.ng-binding-name.@animation.done.html
#                ^ template.ng meta.ng-binding.event.html entity.other.attribute-name.html entity.other.ng-binding-name.event.html entity.other.ng-binding-name.@animation.done.html punctuation.accessor.html
#                 ^^^^ template.ng meta.ng-binding.event.html entity.other.attribute-name.html entity.other.ng-binding-name.event.html entity.other.ng-binding-name.@animation.done.html
#                     ^ template.ng meta.ng-binding.event.html entity.other.attribute-name.html entity.other.ng-binding-name.event.html punctuation.definition.ng-binding-name.end.html
#                      ^ template.ng meta.ng-binding.event.html punctuation.separator.key-value.html
#                       ^ template.ng meta.ng-binding.event.html string.quoted.html punctuation.definition.string.begin.html
#                        ^^^^^^^^^^^^^^^ template.ng meta.ng-binding.event.html expression.ng entity.name.function.ts
#                                       ^ template.ng meta.ng-binding.event.html expression.ng meta.brace.round.ts
#                                        ^^^^^^ template.ng meta.ng-binding.event.html expression.ng variable.other.readwrite.ts
#                                              ^ template.ng meta.ng-binding.event.html expression.ng meta.brace.round.ts
#                                               ^ template.ng meta.ng-binding.event.html string.quoted.html punctuation.definition.string.end.html
#                                                ^^^^^^^^ template.ng
><div (someEvent)="
#^^^^^ template.ng
#     ^ template.ng meta.ng-binding.event.html entity.other.attribute-name.html entity.other.ng-binding-name.event.html punctuation.definition.ng-binding-name.begin.html
#      ^^^^^^^^^ template.ng meta.ng-binding.event.html entity.other.attribute-name.html entity.other.ng-binding-name.event.html entity.other.ng-binding-name.someEvent.html
#               ^ template.ng meta.ng-binding.event.html entity.other.attribute-name.html entity.other.ng-binding-name.event.html punctuation.definition.ng-binding-name.end.html
#                ^ template.ng meta.ng-binding.event.html punctuation.separator.key-value.html
#                 ^ template.ng meta.ng-binding.event.html string.quoted.html punctuation.definition.string.begin.html
>    if (isCondition) {
#^^^^ template.ng meta.ng-binding.event.html expression.ng
#    ^^ template.ng meta.ng-binding.event.html expression.ng keyword.control.if.ts
#      ^ template.ng meta.ng-binding.event.html expression.ng
#       ^ template.ng meta.ng-binding.event.html expression.ng meta.brace.round.ts
#        ^^^^^^^^^^^ template.ng meta.ng-binding.event.html expression.ng variable.other.readwrite.ts
#                   ^ template.ng meta.ng-binding.event.html expression.ng meta.brace.round.ts
#                    ^^^ template.ng meta.ng-binding.event.html expression.ng
>        methodIfTrue($event);
#^^^^^^^^ template.ng meta.ng-binding.event.html expression.ng
#        ^^^^^^^^^^^^ template.ng meta.ng-binding.event.html expression.ng entity.name.function.ts
#                    ^ template.ng meta.ng-binding.event.html expression.ng meta.brace.round.ts
#                     ^^^^^^ template.ng meta.ng-binding.event.html expression.ng variable.other.readwrite.ts
#                           ^ template.ng meta.ng-binding.event.html expression.ng meta.brace.round.ts
#                            ^^ template.ng meta.ng-binding.event.html expression.ng
>    } else {
#^^^^^^ template.ng meta.ng-binding.event.html expression.ng
#      ^^^^ template.ng meta.ng-binding.event.html expression.ng keyword.control.else.ts
#          ^^^ template.ng meta.ng-binding.event.html expression.ng
>        methodIfFalse($event);
#^^^^^^^^ template.ng meta.ng-binding.event.html expression.ng
#        ^^^^^^^^^^^^^ template.ng meta.ng-binding.event.html expression.ng entity.name.function.ts
#                     ^ template.ng meta.ng-binding.event.html expression.ng meta.brace.round.ts
#                      ^^^^^^ template.ng meta.ng-binding.event.html expression.ng variable.other.readwrite.ts
#                            ^ template.ng meta.ng-binding.event.html expression.ng meta.brace.round.ts
#                             ^^ template.ng meta.ng-binding.event.html expression.ng
>    }
#^^^^^^ template.ng meta.ng-binding.event.html expression.ng
>"></div>
#^ template.ng meta.ng-binding.event.html string.quoted.html punctuation.definition.string.end.html
# ^^^^^^^^ template.ng
><div ( extraSpacing )="onExtraSpacing($event)"></div>
#^^^^^ template.ng
#     ^ template.ng meta.ng-binding.event.html entity.other.attribute-name.html entity.other.ng-binding-name.event.html punctuation.definition.ng-binding-name.begin.html
#      ^ template.ng meta.ng-binding.event.html entity.other.attribute-name.html entity.other.ng-binding-name.event.html
#       ^^^^^^^^^^^^ template.ng meta.ng-binding.event.html entity.other.attribute-name.html entity.other.ng-binding-name.event.html entity.other.ng-binding-name.extraSpacing.html
#                   ^ template.ng meta.ng-binding.event.html entity.other.attribute-name.html entity.other.ng-binding-name.event.html
#                    ^ template.ng meta.ng-binding.event.html entity.other.attribute-name.html entity.other.ng-binding-name.event.html punctuation.definition.ng-binding-name.end.html
#                     ^ template.ng meta.ng-binding.event.html punctuation.separator.key-value.html
#                      ^ template.ng meta.ng-binding.event.html string.quoted.html punctuation.definition.string.begin.html
#                       ^^^^^^^^^^^^^^ template.ng meta.ng-binding.event.html expression.ng entity.name.function.ts
#                                     ^ template.ng meta.ng-binding.event.html expression.ng meta.brace.round.ts
#                                      ^^^^^^ template.ng meta.ng-binding.event.html expression.ng variable.other.readwrite.ts
#                                            ^ template.ng meta.ng-binding.event.html expression.ng meta.brace.round.ts
#                                             ^ template.ng meta.ng-binding.event.html string.quoted.html punctuation.definition.string.end.html
#                                              ^^^^^^^^ template.ng
><my-component (myEvent)="onMyEvent($event)"></my-component>
#^^^^^^^^^^^^^^ template.ng
#              ^ template.ng meta.ng-binding.event.html entity.other.attribute-name.html entity.other.ng-binding-name.event.html punctuation.definition.ng-binding-name.begin.html
#               ^^^^^^^ template.ng meta.ng-binding.event.html entity.other.attribute-name.html entity.other.ng-binding-name.event.html entity.other.ng-binding-name.myEvent.html
#                      ^ template.ng meta.ng-binding.event.html entity.other.attribute-name.html entity.other.ng-binding-name.event.html punctuation.definition.ng-binding-name.end.html
#                       ^ template.ng meta.ng-binding.event.html punctuation.separator.key-value.html
#                        ^ template.ng meta.ng-binding.event.html string.quoted.html punctuation.definition.string.begin.html
#                         ^^^^^^^^^ template.ng meta.ng-binding.event.html expression.ng entity.name.function.ts
#                                  ^ template.ng meta.ng-binding.event.html expression.ng meta.brace.round.ts
#                                   ^^^^^^ template.ng meta.ng-binding.event.html expression.ng variable.other.readwrite.ts
#                                         ^ template.ng meta.ng-binding.event.html expression.ng meta.brace.round.ts
#                                          ^ template.ng meta.ng-binding.event.html string.quoted.html punctuation.definition.string.end.html
#                                           ^^^^^^^^^^^^^^^^^ template.ng
><my-component (my-event)="onMyEvent($event)"></my-component>
#^^^^^^^^^^^^^^ template.ng
#              ^ template.ng meta.ng-binding.event.html entity.other.attribute-name.html entity.other.ng-binding-name.event.html punctuation.definition.ng-binding-name.begin.html
#               ^^^^^^^^ template.ng meta.ng-binding.event.html entity.other.attribute-name.html entity.other.ng-binding-name.event.html entity.other.ng-binding-name.my-event.html
#                       ^ template.ng meta.ng-binding.event.html entity.other.attribute-name.html entity.other.ng-binding-name.event.html punctuation.definition.ng-binding-name.end.html
#                        ^ template.ng meta.ng-binding.event.html punctuation.separator.key-value.html
#                         ^ template.ng meta.ng-binding.event.html string.quoted.html punctuation.definition.string.begin.html
#                          ^^^^^^^^^ template.ng meta.ng-binding.event.html expression.ng entity.name.function.ts
#                                   ^ template.ng meta.ng-binding.event.html expression.ng meta.brace.round.ts
#                                    ^^^^^^ template.ng meta.ng-binding.event.html expression.ng variable.other.readwrite.ts
#                                          ^ template.ng meta.ng-binding.event.html expression.ng meta.brace.round.ts
#                                           ^ template.ng meta.ng-binding.event.html string.quoted.html punctuation.definition.string.end.html
#                                            ^^^^^^^^^^^^^^^^^ template.ng
><my-component (my_event)="onMyEvent($event)"></my-component>
#^^^^^^^^^^^^^^ template.ng
#              ^ template.ng meta.ng-binding.event.html entity.other.attribute-name.html entity.other.ng-binding-name.event.html punctuation.definition.ng-binding-name.begin.html
#               ^^^^^^^^ template.ng meta.ng-binding.event.html entity.other.attribute-name.html entity.other.ng-binding-name.event.html entity.other.ng-binding-name.my_event.html
#                       ^ template.ng meta.ng-binding.event.html entity.other.attribute-name.html entity.other.ng-binding-name.event.html punctuation.definition.ng-binding-name.end.html
#                        ^ template.ng meta.ng-binding.event.html punctuation.separator.key-value.html
#                         ^ template.ng meta.ng-binding.event.html string.quoted.html punctuation.definition.string.begin.html
#                          ^^^^^^^^^ template.ng meta.ng-binding.event.html expression.ng entity.name.function.ts
#                                   ^ template.ng meta.ng-binding.event.html expression.ng meta.brace.round.ts
#                                    ^^^^^^ template.ng meta.ng-binding.event.html expression.ng variable.other.readwrite.ts
#                                          ^ template.ng meta.ng-binding.event.html expression.ng meta.brace.round.ts
#                                           ^ template.ng meta.ng-binding.event.html string.quoted.html punctuation.definition.string.end.html
#                                            ^^^^^^^^^^^^^^^^^ template.ng
><my-component (myEvent$)="onMyEvent($event)"></my-component>
#^^^^^^^^^^^^^^ template.ng
#              ^ template.ng meta.ng-binding.event.html entity.other.attribute-name.html entity.other.ng-binding-name.event.html punctuation.definition.ng-binding-name.begin.html
#               ^^^^^^^^ template.ng meta.ng-binding.event.html entity.other.attribute-name.html entity.other.ng-binding-name.event.html entity.other.ng-binding-name.myEvent$.html
#                       ^ template.ng meta.ng-binding.event.html entity.other.attribute-name.html entity.other.ng-binding-name.event.html punctuation.definition.ng-binding-name.end.html
#                        ^ template.ng meta.ng-binding.event.html punctuation.separator.key-value.html
#                         ^ template.ng meta.ng-binding.event.html string.quoted.html punctuation.definition.string.begin.html
#                          ^^^^^^^^^ template.ng meta.ng-binding.event.html expression.ng entity.name.function.ts
#                                   ^ template.ng meta.ng-binding.event.html expression.ng meta.brace.round.ts
#                                    ^^^^^^ template.ng meta.ng-binding.event.html expression.ng variable.other.readwrite.ts
#                                          ^ template.ng meta.ng-binding.event.html expression.ng meta.brace.round.ts
#                                           ^ template.ng meta.ng-binding.event.html string.quoted.html punctuation.definition.string.end.html
#                                            ^^^^^^^^^^^^^^^^^ template.ng
><my-component (%invalidEvent)="onMyEvent($event)"></my-component>
#^^^^^^^^^^^^^^^^^^^^^^^^^^^^^^^^^^^^^^^^^^^^^^^^^^^^^^^^^^^^^^^^^^ template.ng
><my-component (invalidEvent]="onMyEvent($event)"></my-component>
#^^^^^^^^^^^^^^^^^^^^^^^^^^^^^^^^^^^^^^^^^^^^^^^^^^^^^^^^^^^^^^^^^ template.ng
>
><!-- Two-way binding test -->
#^^^^^^^^^^^^^^^^^^^^^^^^^^^^^^ template.ng
><button [(click)]="clickProp"></button>
#^^^^^^^^ template.ng
#        ^^ template.ng meta.ng-binding.two-way.html entity.other.attribute-name.html entity.other.ng-binding-name.two-way.html punctuation.definition.ng-binding-name.begin.html
#          ^^^^^ template.ng meta.ng-binding.two-way.html entity.other.attribute-name.html entity.other.ng-binding-name.two-way.html entity.other.ng-binding-name.click.html
#               ^^ template.ng meta.ng-binding.two-way.html entity.other.attribute-name.html entity.other.ng-binding-name.two-way.html punctuation.definition.ng-binding-name.end.html
#                 ^ template.ng meta.ng-binding.two-way.html punctuation.separator.key-value.html
#                  ^ template.ng meta.ng-binding.two-way.html string.quoted.html punctuation.definition.string.begin.html
#                   ^^^^^^^^^ template.ng meta.ng-binding.two-way.html expression.ng variable.other.readwrite.ts
#                            ^ template.ng meta.ng-binding.two-way.html string.quoted.html punctuation.definition.string.end.html
#                             ^^^^^^^^^^^ template.ng
><div [( extraSpacing )]="extraSpacing"></div>
#^^^^^ template.ng
#     ^^ template.ng meta.ng-binding.two-way.html entity.other.attribute-name.html entity.other.ng-binding-name.two-way.html punctuation.definition.ng-binding-name.begin.html
#       ^ template.ng meta.ng-binding.two-way.html entity.other.attribute-name.html entity.other.ng-binding-name.two-way.html
#        ^^^^^^^^^^^^ template.ng meta.ng-binding.two-way.html entity.other.attribute-name.html entity.other.ng-binding-name.two-way.html entity.other.ng-binding-name.extraSpacing.html
#                    ^ template.ng meta.ng-binding.two-way.html entity.other.attribute-name.html entity.other.ng-binding-name.two-way.html
#                     ^^ template.ng meta.ng-binding.two-way.html entity.other.attribute-name.html entity.other.ng-binding-name.two-way.html punctuation.definition.ng-binding-name.end.html
#                       ^ template.ng meta.ng-binding.two-way.html punctuation.separator.key-value.html
#                        ^ template.ng meta.ng-binding.two-way.html string.quoted.html punctuation.definition.string.begin.html
#                         ^^^^^^^^^^^^ template.ng meta.ng-binding.two-way.html expression.ng variable.other.readwrite.ts
#                                     ^ template.ng meta.ng-binding.two-way.html string.quoted.html punctuation.definition.string.end.html
#                                      ^^^^^^^^ template.ng
><div [(@animation.done)]="animation"></div>
#^^^^^ template.ng
#     ^^ template.ng meta.ng-binding.two-way.html entity.other.attribute-name.html entity.other.ng-binding-name.two-way.html punctuation.definition.ng-binding-name.begin.html
#       ^^^^^^^^^^ template.ng meta.ng-binding.two-way.html entity.other.attribute-name.html entity.other.ng-binding-name.two-way.html entity.other.ng-binding-name.@animation.done.html
#                 ^ template.ng meta.ng-binding.two-way.html entity.other.attribute-name.html entity.other.ng-binding-name.two-way.html entity.other.ng-binding-name.@animation.done.html punctuation.accessor.html
#                  ^^^^ template.ng meta.ng-binding.two-way.html entity.other.attribute-name.html entity.other.ng-binding-name.two-way.html entity.other.ng-binding-name.@animation.done.html
#                      ^^ template.ng meta.ng-binding.two-way.html entity.other.attribute-name.html entity.other.ng-binding-name.two-way.html punctuation.definition.ng-binding-name.end.html
#                        ^ template.ng meta.ng-binding.two-way.html punctuation.separator.key-value.html
#                         ^ template.ng meta.ng-binding.two-way.html string.quoted.html punctuation.definition.string.begin.html
#                          ^^^^^^^^^ template.ng meta.ng-binding.two-way.html expression.ng variable.other.readwrite.ts
#                                   ^ template.ng meta.ng-binding.two-way.html string.quoted.html punctuation.definition.string.end.html
#                                    ^^^^^^^^ template.ng
><my-component [(my-prop)]="myProp"></my-component>
#^^^^^^^^^^^^^^ template.ng
#              ^^ template.ng meta.ng-binding.two-way.html entity.other.attribute-name.html entity.other.ng-binding-name.two-way.html punctuation.definition.ng-binding-name.begin.html
#                ^^^^^^^ template.ng meta.ng-binding.two-way.html entity.other.attribute-name.html entity.other.ng-binding-name.two-way.html entity.other.ng-binding-name.my-prop.html
#                       ^^ template.ng meta.ng-binding.two-way.html entity.other.attribute-name.html entity.other.ng-binding-name.two-way.html punctuation.definition.ng-binding-name.end.html
#                         ^ template.ng meta.ng-binding.two-way.html punctuation.separator.key-value.html
#                          ^ template.ng meta.ng-binding.two-way.html string.quoted.html punctuation.definition.string.begin.html
#                           ^^^^^^ template.ng meta.ng-binding.two-way.html expression.ng variable.other.readwrite.ts
#                                 ^ template.ng meta.ng-binding.two-way.html string.quoted.html punctuation.definition.string.end.html
#                                  ^^^^^^^^^^^^^^^^^ template.ng
><my-component [(my_prop)]="myProp"></my-component>
#^^^^^^^^^^^^^^ template.ng
#              ^^ template.ng meta.ng-binding.two-way.html entity.other.attribute-name.html entity.other.ng-binding-name.two-way.html punctuation.definition.ng-binding-name.begin.html
#                ^^^^^^^ template.ng meta.ng-binding.two-way.html entity.other.attribute-name.html entity.other.ng-binding-name.two-way.html entity.other.ng-binding-name.my_prop.html
#                       ^^ template.ng meta.ng-binding.two-way.html entity.other.attribute-name.html entity.other.ng-binding-name.two-way.html punctuation.definition.ng-binding-name.end.html
#                         ^ template.ng meta.ng-binding.two-way.html punctuation.separator.key-value.html
#                          ^ template.ng meta.ng-binding.two-way.html string.quoted.html punctuation.definition.string.begin.html
#                           ^^^^^^ template.ng meta.ng-binding.two-way.html expression.ng variable.other.readwrite.ts
#                                 ^ template.ng meta.ng-binding.two-way.html string.quoted.html punctuation.definition.string.end.html
#                                  ^^^^^^^^^^^^^^^^^ template.ng
><my-component [($my_prop)]="myProp"></my-component>
#^^^^^^^^^^^^^^ template.ng
#              ^^ template.ng meta.ng-binding.two-way.html entity.other.attribute-name.html entity.other.ng-binding-name.two-way.html punctuation.definition.ng-binding-name.begin.html
#                ^^^^^^^^ template.ng meta.ng-binding.two-way.html entity.other.attribute-name.html entity.other.ng-binding-name.two-way.html entity.other.ng-binding-name.$my_prop.html
#                        ^^ template.ng meta.ng-binding.two-way.html entity.other.attribute-name.html entity.other.ng-binding-name.two-way.html punctuation.definition.ng-binding-name.end.html
#                          ^ template.ng meta.ng-binding.two-way.html punctuation.separator.key-value.html
#                           ^ template.ng meta.ng-binding.two-way.html string.quoted.html punctuation.definition.string.begin.html
#                            ^^^^^^ template.ng meta.ng-binding.two-way.html expression.ng variable.other.readwrite.ts
#                                  ^ template.ng meta.ng-binding.two-way.html string.quoted.html punctuation.definition.string.end.html
#                                   ^^^^^^^^^^^^^^^^^ template.ng
><my-component [(%invalid)]="invalid"></my-component>
#^^^^^^^^^^^^^^^^^^^^^^^^^^^^^^^^^^^^^^^^^^^^^^^^^^^^^ template.ng
><my-component ([invalid)]="invalid"></my-component>
#^^^^^^^^^^^^^^^^^^^^^^^^^^^^^^^^^^^^^^^^^^^^^^^^^^^^ template.ng
>
><!-- Event binding test -->
#^^^^^^^^^^^^^^^^^^^^^^^^^^^^ template.ng
><button *ngModel="title"></button>
#^^^^^^^^ template.ng
#        ^ template.ng meta.ng-binding.template.html entity.other.attribute-name.html entity.other.ng-binding-name.template.html punctuation.definition.ng-binding-name.begin.html
#         ^^^^^^^ template.ng meta.ng-binding.template.html entity.other.attribute-name.html entity.other.ng-binding-name.template.html entity.other.ng-binding-name.ngModel.html
#                ^ template.ng meta.ng-binding.template.html punctuation.separator.key-value.html
#                 ^ template.ng meta.ng-binding.template.html string.quoted.html punctuation.definition.string.begin.html
#                  ^^^^^ template.ng meta.ng-binding.template.html expression.ng variable.other.readwrite.ts
#                       ^ template.ng meta.ng-binding.template.html string.quoted.html punctuation.definition.string.end.html
#                        ^^^^^^^^^^^ template.ng
><div *ngFor="let book of books"></div>
#^^^^^ template.ng
#     ^ template.ng meta.ng-binding.template.html entity.other.attribute-name.html entity.other.ng-binding-name.template.html punctuation.definition.ng-binding-name.begin.html
#      ^^^^^ template.ng meta.ng-binding.template.html entity.other.attribute-name.html entity.other.ng-binding-name.template.html entity.other.ng-binding-name.ngFor.html
#           ^ template.ng meta.ng-binding.template.html punctuation.separator.key-value.html
#            ^ template.ng meta.ng-binding.template.html string.quoted.html punctuation.definition.string.begin.html
#             ^^^ template.ng meta.ng-binding.template.html expression.ng storage.type.ts
#                ^ template.ng meta.ng-binding.template.html expression.ng
#                 ^^^^ template.ng meta.ng-binding.template.html expression.ng variable.other.readwrite.ts
#                     ^ template.ng meta.ng-binding.template.html expression.ng
#                      ^^ template.ng meta.ng-binding.template.html expression.ng keyword.operator.expression.of.ts
#                        ^ template.ng meta.ng-binding.template.html expression.ng
#                         ^^^^^ template.ng meta.ng-binding.template.html expression.ng variable.other.readwrite.ts
#                              ^ template.ng meta.ng-binding.template.html string.quoted.html punctuation.definition.string.end.html
#                               ^^^^^^^^ template.ng
><my-component *custom-if="true != false"></my-component>
#^^^^^^^^^^^^^^ template.ng
#              ^ template.ng meta.ng-binding.template.html entity.other.attribute-name.html entity.other.ng-binding-name.template.html punctuation.definition.ng-binding-name.begin.html
#               ^^^^^^^^^ template.ng meta.ng-binding.template.html entity.other.attribute-name.html entity.other.ng-binding-name.template.html entity.other.ng-binding-name.custom-if.html
#                        ^ template.ng meta.ng-binding.template.html punctuation.separator.key-value.html
#                         ^ template.ng meta.ng-binding.template.html string.quoted.html punctuation.definition.string.begin.html
#                          ^^^^ template.ng meta.ng-binding.template.html expression.ng constant.language.boolean.true.ts
#                              ^ template.ng meta.ng-binding.template.html expression.ng
#                               ^^ template.ng meta.ng-binding.template.html expression.ng keyword.operator.comparison.ts
#                                 ^ template.ng meta.ng-binding.template.html expression.ng
#                                  ^^^^^ template.ng meta.ng-binding.template.html expression.ng constant.language.boolean.false.ts
#                                       ^ template.ng meta.ng-binding.template.html string.quoted.html punctuation.definition.string.end.html
#                                        ^^^^^^^^^^^^^^^^^ template.ng
><my-component *custom_if="true != false"></my-component>
#^^^^^^^^^^^^^^ template.ng
#              ^ template.ng meta.ng-binding.template.html entity.other.attribute-name.html entity.other.ng-binding-name.template.html punctuation.definition.ng-binding-name.begin.html
#               ^^^^^^^^^ template.ng meta.ng-binding.template.html entity.other.attribute-name.html entity.other.ng-binding-name.template.html entity.other.ng-binding-name.custom_if.html
#                        ^ template.ng meta.ng-binding.template.html punctuation.separator.key-value.html
#                         ^ template.ng meta.ng-binding.template.html string.quoted.html punctuation.definition.string.begin.html
#                          ^^^^ template.ng meta.ng-binding.template.html expression.ng constant.language.boolean.true.ts
#                              ^ template.ng meta.ng-binding.template.html expression.ng
#                               ^^ template.ng meta.ng-binding.template.html expression.ng keyword.operator.comparison.ts
#                                 ^ template.ng meta.ng-binding.template.html expression.ng
#                                  ^^^^^ template.ng meta.ng-binding.template.html expression.ng constant.language.boolean.false.ts
#                                       ^ template.ng meta.ng-binding.template.html string.quoted.html punctuation.definition.string.end.html
#                                        ^^^^^^^^^^^^^^^^^ template.ng
><my-component *custom_$if="true != false"></my-component>
#^^^^^^^^^^^^^^ template.ng
#              ^ template.ng meta.ng-binding.template.html entity.other.attribute-name.html entity.other.ng-binding-name.template.html punctuation.definition.ng-binding-name.begin.html
#               ^^^^^^^^^^ template.ng meta.ng-binding.template.html entity.other.attribute-name.html entity.other.ng-binding-name.template.html entity.other.ng-binding-name.custom_$if.html
#                         ^ template.ng meta.ng-binding.template.html punctuation.separator.key-value.html
#                          ^ template.ng meta.ng-binding.template.html string.quoted.html punctuation.definition.string.begin.html
#                           ^^^^ template.ng meta.ng-binding.template.html expression.ng constant.language.boolean.true.ts
#                               ^ template.ng meta.ng-binding.template.html expression.ng
#                                ^^ template.ng meta.ng-binding.template.html expression.ng keyword.operator.comparison.ts
#                                  ^ template.ng meta.ng-binding.template.html expression.ng
#                                   ^^^^^ template.ng meta.ng-binding.template.html expression.ng constant.language.boolean.false.ts
#                                        ^ template.ng meta.ng-binding.template.html string.quoted.html punctuation.definition.string.end.html
#                                         ^^^^^^^^^^^^^^^^^ template.ng
><my-component *%invalid="expr"></my-component>
#^^^^^^^^^^^^^^^^^^^^^^^^^^^^^^^^^^^^^^^^^^^^^^^ template.ng